// Jest Snapshot v1, https://goo.gl/fbAQLP

exports[`renders correctly 1`] = `
<RCTScrollView
  contentContainerStyle={
    {
      "minHeight": "100%",
      "paddingBottom": 30,
    }
  }
  style={
    {
      "backgroundColor": "#ffffff",
      "flex": 1,
    }
  }
>
  <View>
    <View
      style={
        {
          "marginBottom": -80,
          "maxHeight": 550,
          "width": "100%",
        }
      }
    >
      <Image
        source={1}
        style={
          {
            "height": "100%",
            "width": "100%",
          }
        }
      />
      <View
        accessibilityState={
          {
            "busy": undefined,
            "checked": undefined,
            "disabled": undefined,
            "expanded": undefined,
            "selected": undefined,
          }
        }
        accessibilityValue={
          {
            "max": undefined,
            "min": undefined,
            "now": undefined,
            "text": undefined,
          }
        }
        accessible={true}
        collapsable={false}
        focusable={true}
        onClick={[Function]}
        onResponderGrant={[Function]}
        onResponderMove={[Function]}
        onResponderRelease={[Function]}
        onResponderTerminate={[Function]}
        onResponderTerminationRequest={[Function]}
        onStartShouldSetResponder={[Function]}
        style={
          {
            "alignItems": "center",
            "height": 35,
            "justifyContent": "center",
            "left": 35,
            "opacity": 1,
            "position": "absolute",
            "top": 54,
            "width": 40,
          }
        }
      >
        <Image
          source={1}
          style={
            {
              "height": 15,
              "width": 20,
            }
          }
        />
      </View>
    </View>
    <Text
      style={
        {
          "alignSelf": "center",
          "color": "#4a4a4a",
          "fontSize": 25,
          "marginBottom": 20,
          "maxWidth": "85%",
          "textAlign": "center",
        }
      }
    >
       
      ?
    </Text>
    <View
      accessibilityState={
        {
          "busy": undefined,
          "checked": undefined,
          "disabled": undefined,
          "expanded": undefined,
          "selected": undefined,
        }
      }
      accessibilityValue={
        {
          "max": undefined,
          "min": undefined,
          "now": undefined,
          "text": undefined,
        }
      }
      accessible={true}
      collapsable={false}
      focusable={true}
      onBlur={[Function]}
      onClick={[Function]}
      onFocus={[Function]}
      onResponderGrant={[Function]}
      onResponderMove={[Function]}
      onResponderRelease={[Function]}
      onResponderTerminate={[Function]}
      onResponderTerminationRequest={[Function]}
      onStartShouldSetResponder={[Function]}
      style={
        {
          "alignItems": "center",
          "alignSelf": "center",
          "backgroundColor": "#eeeeef",
          "borderRadius": 5,
          "height": 35,
          "justifyContent": "center",
          "width": 100,
        }
      }
    >
      <Text
        style={
          {
            "color": "#5294fc",
          }
        }
      >
        Aug 29, 2023
      </Text>
    </View>
    <View
      style={
        {
          "alignItems": "center",
          "flex": 1,
          "justifyContent": "flex-end",
          "marginTop": 30,
        }
      }
    >
      <View
        accessibilityState={
          {
            "busy": undefined,
            "checked": undefined,
            "disabled": undefined,
            "expanded": undefined,
            "selected": undefined,
          }
        }
        accessibilityValue={
          {
            "max": undefined,
            "min": undefined,
            "now": undefined,
            "text": undefined,
          }
        }
        accessible={true}
        collapsable={false}
        focusable={true}
        onClick={[Function]}
        onResponderGrant={[Function]}
        onResponderMove={[Function]}
        onResponderRelease={[Function]}
        onResponderTerminate={[Function]}
        onResponderTerminationRequest={[Function]}
        onStartShouldSetResponder={[Function]}
        style={
          {
            "alignItems": "center",
            "backgroundColor": "#69c0ba",
            "borderRadius": 10,
            "height": 55,
            "justifyContent": "center",
            "opacity": 1,
            "paddingHorizontal": 10,
            "width": "80%",
          }
        }
      >
        <Text
          style={
            {
              "color": "#ffffff",
              "fontSize": 22,
              "textAlign": "center",
            }
          }
        />
      </View>
    </View>
  </View>
</RCTScrollView>
`;
